[2026-06-09T15:26:53.951+0000] {processor.py:186} INFO - Started process (PID=173) to work on /opt/airflow/dags/dag_analystics_student_performance.py
[2026-06-09T15:26:53.953+0000] {processor.py:914} INFO - Processing file /opt/airflow/dags/dag_analystics_student_performance.py for tasks to queue
[2026-06-09T15:26:53.960+0000] {logging_mixin.py:190} INFO - [2026-06-09T15:26:53.958+0000] {dagbag.py:588} INFO - Filling up the DagBag from /opt/airflow/dags/dag_analystics_student_performance.py
[2026-06-09T15:26:54.029+0000] {processor.py:925} INFO - DAG(s) 'create_analytics_mart_performance' retrieved from /opt/airflow/dags/dag_analystics_student_performance.py
[2026-06-09T15:26:54.304+0000] {logging_mixin.py:190} INFO - [2026-06-09T15:26:54.303+0000] {override.py:1911} INFO - Created Permission View: can edit on DAG:create_analytics_mart_performance
[2026-06-09T15:26:54.317+0000] {logging_mixin.py:190} INFO - [2026-06-09T15:26:54.316+0000] {override.py:1911} INFO - Created Permission View: can read on DAG:create_analytics_mart_performance
[2026-06-09T15:26:54.326+0000] {logging_mixin.py:190} INFO - [2026-06-09T15:26:54.326+0000] {override.py:1911} INFO - Created Permission View: can delete on DAG:create_analytics_mart_performance
[2026-06-09T15:26:54.338+0000] {logging_mixin.py:190} INFO - [2026-06-09T15:26:54.337+0000] {override.py:1911} INFO - Created Permission View: menu access on DAG Run:create_analytics_mart_performance
[2026-06-09T15:26:54.348+0000] {logging_mixin.py:190} INFO - [2026-06-09T15:26:54.348+0000] {override.py:1911} INFO - Created Permission View: can delete on DAG Run:create_analytics_mart_performance
[2026-06-09T15:26:54.357+0000] {logging_mixin.py:190} INFO - [2026-06-09T15:26:54.357+0000] {override.py:1911} INFO - Created Permission View: can read on DAG Run:create_analytics_mart_performance
[2026-06-09T15:26:54.367+0000] {logging_mixin.py:190} INFO - [2026-06-09T15:26:54.367+0000] {override.py:1911} INFO - Created Permission View: can create on DAG Run:create_analytics_mart_performance
[2026-06-09T15:26:54.368+0000] {logging_mixin.py:190} INFO - [2026-06-09T15:26:54.368+0000] {dag.py:3239} INFO - Sync 1 DAGs
[2026-06-09T15:26:54.384+0000] {logging_mixin.py:190} INFO - [2026-06-09T15:26:54.384+0000] {dag.py:3262} INFO - Creating ORM DAG for create_analytics_mart_performance
[2026-06-09T15:26:54.398+0000] {logging_mixin.py:190} INFO - [2026-06-09T15:26:54.398+0000] {dag.py:4180} INFO - Setting next_dagrun for create_analytics_mart_performance to 2026-06-08 03:00:00+00:00, run_after=2026-06-09 03:00:00+00:00
[2026-06-09T15:26:54.425+0000] {processor.py:208} INFO - Processing /opt/airflow/dags/dag_analystics_student_performance.py took 0.484 seconds
[2026-06-09T15:27:24.663+0000] {processor.py:186} INFO - Started process (PID=194) to work on /opt/airflow/dags/dag_analystics_student_performance.py
[2026-06-09T15:27:24.664+0000] {processor.py:914} INFO - Processing file /opt/airflow/dags/dag_analystics_student_performance.py for tasks to queue
[2026-06-09T15:27:24.668+0000] {logging_mixin.py:190} INFO - [2026-06-09T15:27:24.668+0000] {dagbag.py:588} INFO - Filling up the DagBag from /opt/airflow/dags/dag_analystics_student_performance.py
[2026-06-09T15:27:24.708+0000] {processor.py:925} INFO - DAG(s) 'create_analytics_mart_performance' retrieved from /opt/airflow/dags/dag_analystics_student_performance.py
[2026-06-09T15:27:24.743+0000] {logging_mixin.py:190} INFO - [2026-06-09T15:27:24.742+0000] {dag.py:3239} INFO - Sync 1 DAGs
[2026-06-09T15:27:24.780+0000] {logging_mixin.py:190} INFO - [2026-06-09T15:27:24.779+0000] {dag.py:4180} INFO - Setting next_dagrun for create_analytics_mart_performance to 2026-06-08 03:00:00+00:00, run_after=2026-06-09 03:00:00+00:00
[2026-06-09T15:27:24.808+0000] {processor.py:208} INFO - Processing /opt/airflow/dags/dag_analystics_student_performance.py took 0.154 seconds
[2026-06-09T15:27:55.159+0000] {processor.py:186} INFO - Started process (PID=210) to work on /opt/airflow/dags/dag_analystics_student_performance.py
[2026-06-09T15:27:55.160+0000] {processor.py:914} INFO - Processing file /opt/airflow/dags/dag_analystics_student_performance.py for tasks to queue
[2026-06-09T15:27:55.162+0000] {logging_mixin.py:190} INFO - [2026-06-09T15:27:55.162+0000] {dagbag.py:588} INFO - Filling up the DagBag from /opt/airflow/dags/dag_analystics_student_performance.py
[2026-06-09T15:27:55.185+0000] {processor.py:925} INFO - DAG(s) 'create_analytics_mart_performance' retrieved from /opt/airflow/dags/dag_analystics_student_performance.py
[2026-06-09T15:27:55.211+0000] {logging_mixin.py:190} INFO - [2026-06-09T15:27:55.211+0000] {dag.py:3239} INFO - Sync 1 DAGs
[2026-06-09T15:27:55.234+0000] {logging_mixin.py:190} INFO - [2026-06-09T15:27:55.234+0000] {dag.py:4180} INFO - Setting next_dagrun for create_analytics_mart_performance to 2026-06-08 03:00:00+00:00, run_after=2026-06-09 03:00:00+00:00
[2026-06-09T15:27:55.251+0000] {processor.py:208} INFO - Processing /opt/airflow/dags/dag_analystics_student_performance.py took 0.097 seconds
[2026-06-09T15:28:25.425+0000] {processor.py:186} INFO - Started process (PID=226) to work on /opt/airflow/dags/dag_analystics_student_performance.py
[2026-06-09T15:28:25.427+0000] {processor.py:914} INFO - Processing file /opt/airflow/dags/dag_analystics_student_performance.py for tasks to queue
[2026-06-09T15:28:25.431+0000] {logging_mixin.py:190} INFO - [2026-06-09T15:28:25.431+0000] {dagbag.py:588} INFO - Filling up the DagBag from /opt/airflow/dags/dag_analystics_student_performance.py
[2026-06-09T15:28:25.460+0000] {processor.py:925} INFO - DAG(s) 'create_analytics_mart_performance' retrieved from /opt/airflow/dags/dag_analystics_student_performance.py
[2026-06-09T15:28:25.487+0000] {logging_mixin.py:190} INFO - [2026-06-09T15:28:25.487+0000] {dag.py:3239} INFO - Sync 1 DAGs
[2026-06-09T15:28:25.509+0000] {logging_mixin.py:190} INFO - [2026-06-09T15:28:25.508+0000] {dag.py:4180} INFO - Setting next_dagrun for create_analytics_mart_performance to 2026-06-08 03:00:00+00:00, run_after=2026-06-09 03:00:00+00:00
[2026-06-09T15:28:25.526+0000] {processor.py:208} INFO - Processing /opt/airflow/dags/dag_analystics_student_performance.py took 0.106 seconds
[2026-06-09T15:28:55.947+0000] {processor.py:186} INFO - Started process (PID=242) to work on /opt/airflow/dags/dag_analystics_student_performance.py
[2026-06-09T15:28:55.948+0000] {processor.py:914} INFO - Processing file /opt/airflow/dags/dag_analystics_student_performance.py for tasks to queue
[2026-06-09T15:28:55.950+0000] {logging_mixin.py:190} INFO - [2026-06-09T15:28:55.949+0000] {dagbag.py:588} INFO - Filling up the DagBag from /opt/airflow/dags/dag_analystics_student_performance.py
[2026-06-09T15:28:55.985+0000] {processor.py:925} INFO - DAG(s) 'create_analytics_mart_performance' retrieved from /opt/airflow/dags/dag_analystics_student_performance.py
[2026-06-09T15:28:56.009+0000] {logging_mixin.py:190} INFO - [2026-06-09T15:28:56.009+0000] {dag.py:3239} INFO - Sync 1 DAGs
[2026-06-09T15:28:56.031+0000] {logging_mixin.py:190} INFO - [2026-06-09T15:28:56.031+0000] {dag.py:4180} INFO - Setting next_dagrun for create_analytics_mart_performance to 2026-06-08 03:00:00+00:00, run_after=2026-06-09 03:00:00+00:00
[2026-06-09T15:28:56.051+0000] {processor.py:208} INFO - Processing /opt/airflow/dags/dag_analystics_student_performance.py took 0.111 seconds
[2026-06-09T15:29:26.350+0000] {processor.py:186} INFO - Started process (PID=258) to work on /opt/airflow/dags/dag_analystics_student_performance.py
[2026-06-09T15:29:26.352+0000] {processor.py:914} INFO - Processing file /opt/airflow/dags/dag_analystics_student_performance.py for tasks to queue
[2026-06-09T15:29:26.354+0000] {logging_mixin.py:190} INFO - [2026-06-09T15:29:26.353+0000] {dagbag.py:588} INFO - Filling up the DagBag from /opt/airflow/dags/dag_analystics_student_performance.py
[2026-06-09T15:29:26.380+0000] {processor.py:925} INFO - DAG(s) 'create_analytics_mart_performance' retrieved from /opt/airflow/dags/dag_analystics_student_performance.py
[2026-06-09T15:29:26.404+0000] {logging_mixin.py:190} INFO - [2026-06-09T15:29:26.404+0000] {dag.py:3239} INFO - Sync 1 DAGs
[2026-06-09T15:29:26.424+0000] {logging_mixin.py:190} INFO - [2026-06-09T15:29:26.424+0000] {dag.py:4180} INFO - Setting next_dagrun for create_analytics_mart_performance to 2026-06-08 03:00:00+00:00, run_after=2026-06-09 03:00:00+00:00
[2026-06-09T15:29:26.445+0000] {processor.py:208} INFO - Processing /opt/airflow/dags/dag_analystics_student_performance.py took 0.100 seconds
[2026-06-09T15:29:44.486+0000] {processor.py:186} INFO - Started process (PID=274) to work on /opt/airflow/dags/dag_analystics_student_performance.py
[2026-06-09T15:29:44.487+0000] {processor.py:914} INFO - Processing file /opt/airflow/dags/dag_analystics_student_performance.py for tasks to queue
[2026-06-09T15:29:44.488+0000] {logging_mixin.py:190} INFO - [2026-06-09T15:29:44.488+0000] {dagbag.py:588} INFO - Filling up the DagBag from /opt/airflow/dags/dag_analystics_student_performance.py
[2026-06-09T15:29:44.514+0000] {processor.py:925} INFO - DAG(s) 'create_analytics_mart_performance' retrieved from /opt/airflow/dags/dag_analystics_student_performance.py
[2026-06-09T15:29:44.535+0000] {logging_mixin.py:190} INFO - [2026-06-09T15:29:44.535+0000] {dag.py:3239} INFO - Sync 1 DAGs
[2026-06-09T15:29:44.555+0000] {logging_mixin.py:190} INFO - [2026-06-09T15:29:44.555+0000] {dag.py:4180} INFO - Setting next_dagrun for create_analytics_mart_performance to 2026-06-08 03:00:00+00:00, run_after=2026-06-09 03:00:00+00:00
[2026-06-09T15:29:44.583+0000] {processor.py:208} INFO - Processing /opt/airflow/dags/dag_analystics_student_performance.py took 0.101 seconds
[2026-06-09T15:29:45.587+0000] {processor.py:186} INFO - Started process (PID=279) to work on /opt/airflow/dags/dag_analystics_student_performance.py
[2026-06-09T15:29:45.589+0000] {processor.py:914} INFO - Processing file /opt/airflow/dags/dag_analystics_student_performance.py for tasks to queue
[2026-06-09T15:29:45.590+0000] {logging_mixin.py:190} INFO - [2026-06-09T15:29:45.590+0000] {dagbag.py:588} INFO - Filling up the DagBag from /opt/airflow/dags/dag_analystics_student_performance.py
[2026-06-09T15:29:45.624+0000] {processor.py:925} INFO - DAG(s) 'create_analytics_mart_performance' retrieved from /opt/airflow/dags/dag_analystics_student_performance.py
[2026-06-09T15:29:45.654+0000] {logging_mixin.py:190} INFO - [2026-06-09T15:29:45.653+0000] {dag.py:3239} INFO - Sync 1 DAGs
[2026-06-09T15:29:45.684+0000] {logging_mixin.py:190} INFO - [2026-06-09T15:29:45.684+0000] {dag.py:4180} INFO - Setting next_dagrun for create_analytics_mart_performance to 2026-06-08 03:00:00+00:00, run_after=2026-06-09 03:00:00+00:00
[2026-06-09T15:29:45.715+0000] {processor.py:208} INFO - Processing /opt/airflow/dags/dag_analystics_student_performance.py took 0.132 seconds
[2026-06-09T15:29:47.661+0000] {processor.py:186} INFO - Started process (PID=284) to work on /opt/airflow/dags/dag_analystics_student_performance.py
[2026-06-09T15:29:47.662+0000] {processor.py:914} INFO - Processing file /opt/airflow/dags/dag_analystics_student_performance.py for tasks to queue
[2026-06-09T15:29:47.663+0000] {logging_mixin.py:190} INFO - [2026-06-09T15:29:47.663+0000] {dagbag.py:588} INFO - Filling up the DagBag from /opt/airflow/dags/dag_analystics_student_performance.py
[2026-06-09T15:29:47.691+0000] {processor.py:925} INFO - DAG(s) 'create_analytics_mart_performance' retrieved from /opt/airflow/dags/dag_analystics_student_performance.py
[2026-06-09T15:29:47.711+0000] {logging_mixin.py:190} INFO - [2026-06-09T15:29:47.711+0000] {dag.py:3239} INFO - Sync 1 DAGs
[2026-06-09T15:29:47.728+0000] {logging_mixin.py:190} INFO - [2026-06-09T15:29:47.728+0000] {dag.py:4180} INFO - Setting next_dagrun for create_analytics_mart_performance to 2026-06-08 03:00:00+00:00, run_after=2026-06-09 03:00:00+00:00
[2026-06-09T15:29:47.747+0000] {processor.py:208} INFO - Processing /opt/airflow/dags/dag_analystics_student_performance.py took 0.091 seconds
[2026-06-09T15:29:49.778+0000] {processor.py:186} INFO - Started process (PID=289) to work on /opt/airflow/dags/dag_analystics_student_performance.py
[2026-06-09T15:29:49.779+0000] {processor.py:914} INFO - Processing file /opt/airflow/dags/dag_analystics_student_performance.py for tasks to queue
[2026-06-09T15:29:49.781+0000] {logging_mixin.py:190} INFO - [2026-06-09T15:29:49.780+0000] {dagbag.py:588} INFO - Filling up the DagBag from /opt/airflow/dags/dag_analystics_student_performance.py
[2026-06-09T15:29:49.821+0000] {processor.py:925} INFO - DAG(s) 'create_analytics_mart_performance' retrieved from /opt/airflow/dags/dag_analystics_student_performance.py
[2026-06-09T15:29:49.848+0000] {logging_mixin.py:190} INFO - [2026-06-09T15:29:49.847+0000] {dag.py:3239} INFO - Sync 1 DAGs
[2026-06-09T15:29:49.866+0000] {logging_mixin.py:190} INFO - [2026-06-09T15:29:49.866+0000] {dag.py:4180} INFO - Setting next_dagrun for create_analytics_mart_performance to 2026-06-08 03:00:00+00:00, run_after=2026-06-09 03:00:00+00:00
[2026-06-09T15:29:49.886+0000] {processor.py:208} INFO - Processing /opt/airflow/dags/dag_analystics_student_performance.py took 0.112 seconds
[2026-06-09T15:29:51.804+0000] {processor.py:186} INFO - Started process (PID=294) to work on /opt/airflow/dags/dag_analystics_student_performance.py
[2026-06-09T15:29:51.805+0000] {processor.py:914} INFO - Processing file /opt/airflow/dags/dag_analystics_student_performance.py for tasks to queue
[2026-06-09T15:29:51.806+0000] {logging_mixin.py:190} INFO - [2026-06-09T15:29:51.806+0000] {dagbag.py:588} INFO - Filling up the DagBag from /opt/airflow/dags/dag_analystics_student_performance.py
[2026-06-09T15:29:51.835+0000] {processor.py:925} INFO - DAG(s) 'create_analytics_mart_performance' retrieved from /opt/airflow/dags/dag_analystics_student_performance.py
[2026-06-09T15:29:51.856+0000] {logging_mixin.py:190} INFO - [2026-06-09T15:29:51.856+0000] {dag.py:3239} INFO - Sync 1 DAGs
[2026-06-09T15:29:51.874+0000] {logging_mixin.py:190} INFO - [2026-06-09T15:29:51.874+0000] {dag.py:4180} INFO - Setting next_dagrun for create_analytics_mart_performance to 2026-06-08 03:00:00+00:00, run_after=2026-06-09 03:00:00+00:00
[2026-06-09T15:29:51.894+0000] {processor.py:208} INFO - Processing /opt/airflow/dags/dag_analystics_student_performance.py took 0.095 seconds
[2026-06-09T15:29:53.935+0000] {processor.py:186} INFO - Started process (PID=299) to work on /opt/airflow/dags/dag_analystics_student_performance.py
[2026-06-09T15:29:53.935+0000] {processor.py:914} INFO - Processing file /opt/airflow/dags/dag_analystics_student_performance.py for tasks to queue
[2026-06-09T15:29:53.936+0000] {logging_mixin.py:190} INFO - [2026-06-09T15:29:53.936+0000] {dagbag.py:588} INFO - Filling up the DagBag from /opt/airflow/dags/dag_analystics_student_performance.py
[2026-06-09T15:29:53.958+0000] {processor.py:925} INFO - DAG(s) 'create_analytics_mart_performance' retrieved from /opt/airflow/dags/dag_analystics_student_performance.py
[2026-06-09T15:29:53.981+0000] {logging_mixin.py:190} INFO - [2026-06-09T15:29:53.980+0000] {dag.py:3239} INFO - Sync 1 DAGs
[2026-06-09T15:29:54.000+0000] {logging_mixin.py:190} INFO - [2026-06-09T15:29:54.000+0000] {dag.py:4180} INFO - Setting next_dagrun for create_analytics_mart_performance to 2026-06-08 03:00:00+00:00, run_after=2026-06-09 03:00:00+00:00
[2026-06-09T15:29:54.018+0000] {processor.py:208} INFO - Processing /opt/airflow/dags/dag_analystics_student_performance.py took 0.088 seconds
[2026-06-09T15:30:01.017+0000] {processor.py:186} INFO - Started process (PID=309) to work on /opt/airflow/dags/dag_analystics_student_performance.py
[2026-06-09T15:30:01.018+0000] {processor.py:914} INFO - Processing file /opt/airflow/dags/dag_analystics_student_performance.py for tasks to queue
[2026-06-09T15:30:01.019+0000] {logging_mixin.py:190} INFO - [2026-06-09T15:30:01.018+0000] {dagbag.py:588} INFO - Filling up the DagBag from /opt/airflow/dags/dag_analystics_student_performance.py
[2026-06-09T15:30:01.051+0000] {processor.py:925} INFO - DAG(s) 'create_analytics_mart_performance' retrieved from /opt/airflow/dags/dag_analystics_student_performance.py
[2026-06-09T15:30:01.073+0000] {logging_mixin.py:190} INFO - [2026-06-09T15:30:01.073+0000] {dag.py:3239} INFO - Sync 1 DAGs
[2026-06-09T15:30:01.092+0000] {logging_mixin.py:190} INFO - [2026-06-09T15:30:01.092+0000] {dag.py:4180} INFO - Setting next_dagrun for create_analytics_mart_performance to 2026-06-08 03:00:00+00:00, run_after=2026-06-09 03:00:00+00:00
[2026-06-09T15:30:01.113+0000] {processor.py:208} INFO - Processing /opt/airflow/dags/dag_analystics_student_performance.py took 0.101 seconds
[2026-06-09T15:30:05.124+0000] {processor.py:186} INFO - Started process (PID=314) to work on /opt/airflow/dags/dag_analystics_student_performance.py
[2026-06-09T15:30:05.125+0000] {processor.py:914} INFO - Processing file /opt/airflow/dags/dag_analystics_student_performance.py for tasks to queue
[2026-06-09T15:30:05.126+0000] {logging_mixin.py:190} INFO - [2026-06-09T15:30:05.126+0000] {dagbag.py:588} INFO - Filling up the DagBag from /opt/airflow/dags/dag_analystics_student_performance.py
[2026-06-09T15:30:05.149+0000] {processor.py:925} INFO - DAG(s) 'create_analytics_mart_performance' retrieved from /opt/airflow/dags/dag_analystics_student_performance.py
[2026-06-09T15:30:05.170+0000] {logging_mixin.py:190} INFO - [2026-06-09T15:30:05.170+0000] {dag.py:3239} INFO - Sync 1 DAGs
[2026-06-09T15:30:05.190+0000] {logging_mixin.py:190} INFO - [2026-06-09T15:30:05.190+0000] {dag.py:4180} INFO - Setting next_dagrun for create_analytics_mart_performance to 2026-06-08 03:00:00+00:00, run_after=2026-06-09 03:00:00+00:00
[2026-06-09T15:30:05.219+0000] {processor.py:208} INFO - Processing /opt/airflow/dags/dag_analystics_student_performance.py took 0.100 seconds
[2026-06-09T15:30:10.205+0000] {processor.py:186} INFO - Started process (PID=319) to work on /opt/airflow/dags/dag_analystics_student_performance.py
[2026-06-09T15:30:10.206+0000] {processor.py:914} INFO - Processing file /opt/airflow/dags/dag_analystics_student_performance.py for tasks to queue
[2026-06-09T15:30:10.207+0000] {logging_mixin.py:190} INFO - [2026-06-09T15:30:10.207+0000] {dagbag.py:588} INFO - Filling up the DagBag from /opt/airflow/dags/dag_analystics_student_performance.py
[2026-06-09T15:30:10.237+0000] {processor.py:925} INFO - DAG(s) 'create_analytics_mart_performance' retrieved from /opt/airflow/dags/dag_analystics_student_performance.py
[2026-06-09T15:30:10.261+0000] {logging_mixin.py:190} INFO - [2026-06-09T15:30:10.261+0000] {dag.py:3239} INFO - Sync 1 DAGs
[2026-06-09T15:30:10.280+0000] {logging_mixin.py:190} INFO - [2026-06-09T15:30:10.280+0000] {dag.py:4180} INFO - Setting next_dagrun for create_analytics_mart_performance to 2026-06-08 03:00:00+00:00, run_after=2026-06-09 03:00:00+00:00
[2026-06-09T15:30:10.300+0000] {processor.py:208} INFO - Processing /opt/airflow/dags/dag_analystics_student_performance.py took 0.099 seconds
[2026-06-09T15:30:40.534+0000] {processor.py:186} INFO - Started process (PID=336) to work on /opt/airflow/dags/dag_analystics_student_performance.py
[2026-06-09T15:30:40.536+0000] {processor.py:914} INFO - Processing file /opt/airflow/dags/dag_analystics_student_performance.py for tasks to queue
[2026-06-09T15:30:40.537+0000] {logging_mixin.py:190} INFO - [2026-06-09T15:30:40.537+0000] {dagbag.py:588} INFO - Filling up the DagBag from /opt/airflow/dags/dag_analystics_student_performance.py
[2026-06-09T15:30:40.564+0000] {processor.py:925} INFO - DAG(s) 'create_analytics_mart_performance' retrieved from /opt/airflow/dags/dag_analystics_student_performance.py
[2026-06-09T15:30:40.590+0000] {logging_mixin.py:190} INFO - [2026-06-09T15:30:40.589+0000] {dag.py:3239} INFO - Sync 1 DAGs
[2026-06-09T15:30:40.611+0000] {logging_mixin.py:190} INFO - [2026-06-09T15:30:40.611+0000] {dag.py:4180} INFO - Setting next_dagrun for create_analytics_mart_performance to 2026-06-08 03:00:00+00:00, run_after=2026-06-09 03:00:00+00:00
[2026-06-09T15:30:40.630+0000] {processor.py:208} INFO - Processing /opt/airflow/dags/dag_analystics_student_performance.py took 0.100 seconds
[2026-06-09T15:31:10.910+0000] {processor.py:186} INFO - Started process (PID=352) to work on /opt/airflow/dags/dag_analystics_student_performance.py
[2026-06-09T15:31:10.911+0000] {processor.py:914} INFO - Processing file /opt/airflow/dags/dag_analystics_student_performance.py for tasks to queue
[2026-06-09T15:31:10.913+0000] {logging_mixin.py:190} INFO - [2026-06-09T15:31:10.913+0000] {dagbag.py:588} INFO - Filling up the DagBag from /opt/airflow/dags/dag_analystics_student_performance.py
[2026-06-09T15:31:10.934+0000] {processor.py:925} INFO - DAG(s) 'create_analytics_mart_performance' retrieved from /opt/airflow/dags/dag_analystics_student_performance.py
[2026-06-09T15:31:10.953+0000] {logging_mixin.py:190} INFO - [2026-06-09T15:31:10.953+0000] {dag.py:3239} INFO - Sync 1 DAGs
[2026-06-09T15:31:10.970+0000] {logging_mixin.py:190} INFO - [2026-06-09T15:31:10.970+0000] {dag.py:4180} INFO - Setting next_dagrun for create_analytics_mart_performance to 2026-06-08 03:00:00+00:00, run_after=2026-06-09 03:00:00+00:00
[2026-06-09T15:31:10.992+0000] {processor.py:208} INFO - Processing /opt/airflow/dags/dag_analystics_student_performance.py took 0.087 seconds
[2026-06-09T15:31:47.054+0000] {processor.py:186} INFO - Started process (PID=172) to work on /opt/airflow/dags/dag_analystics_student_performance.py
[2026-06-09T15:31:47.055+0000] {processor.py:914} INFO - Processing file /opt/airflow/dags/dag_analystics_student_performance.py for tasks to queue
[2026-06-09T15:31:47.058+0000] {logging_mixin.py:190} INFO - [2026-06-09T15:31:47.057+0000] {dagbag.py:588} INFO - Filling up the DagBag from /opt/airflow/dags/dag_analystics_student_performance.py
[2026-06-09T15:31:47.089+0000] {processor.py:925} INFO - DAG(s) 'create_analytics_mart_performance' retrieved from /opt/airflow/dags/dag_analystics_student_performance.py
[2026-06-09T15:31:47.116+0000] {logging_mixin.py:190} INFO - [2026-06-09T15:31:47.116+0000] {dag.py:3239} INFO - Sync 1 DAGs
[2026-06-09T15:31:47.140+0000] {logging_mixin.py:190} INFO - [2026-06-09T15:31:47.140+0000] {dag.py:4180} INFO - Setting next_dagrun for create_analytics_mart_performance to 2026-06-08 03:00:00+00:00, run_after=2026-06-09 03:00:00+00:00
[2026-06-09T15:31:47.159+0000] {processor.py:208} INFO - Processing /opt/airflow/dags/dag_analystics_student_performance.py took 0.111 seconds
[2026-06-09T15:32:17.274+0000] {processor.py:186} INFO - Started process (PID=188) to work on /opt/airflow/dags/dag_analystics_student_performance.py
[2026-06-09T15:32:17.275+0000] {processor.py:914} INFO - Processing file /opt/airflow/dags/dag_analystics_student_performance.py for tasks to queue
[2026-06-09T15:32:17.277+0000] {logging_mixin.py:190} INFO - [2026-06-09T15:32:17.276+0000] {dagbag.py:588} INFO - Filling up the DagBag from /opt/airflow/dags/dag_analystics_student_performance.py
[2026-06-09T15:32:17.301+0000] {processor.py:925} INFO - DAG(s) 'create_analytics_mart_performance' retrieved from /opt/airflow/dags/dag_analystics_student_performance.py
[2026-06-09T15:32:17.329+0000] {logging_mixin.py:190} INFO - [2026-06-09T15:32:17.329+0000] {dag.py:3239} INFO - Sync 1 DAGs
[2026-06-09T15:32:17.349+0000] {logging_mixin.py:190} INFO - [2026-06-09T15:32:17.349+0000] {dag.py:4180} INFO - Setting next_dagrun for create_analytics_mart_performance to 2026-06-08 03:00:00+00:00, run_after=2026-06-09 03:00:00+00:00
[2026-06-09T15:32:17.366+0000] {processor.py:208} INFO - Processing /opt/airflow/dags/dag_analystics_student_performance.py took 0.098 seconds
[2026-06-09T15:32:47.505+0000] {processor.py:186} INFO - Started process (PID=204) to work on /opt/airflow/dags/dag_analystics_student_performance.py
[2026-06-09T15:32:47.507+0000] {processor.py:914} INFO - Processing file /opt/airflow/dags/dag_analystics_student_performance.py for tasks to queue
[2026-06-09T15:32:47.509+0000] {logging_mixin.py:190} INFO - [2026-06-09T15:32:47.509+0000] {dagbag.py:588} INFO - Filling up the DagBag from /opt/airflow/dags/dag_analystics_student_performance.py
[2026-06-09T15:32:47.537+0000] {processor.py:925} INFO - DAG(s) 'create_analytics_mart_performance' retrieved from /opt/airflow/dags/dag_analystics_student_performance.py
[2026-06-09T15:32:47.565+0000] {logging_mixin.py:190} INFO - [2026-06-09T15:32:47.564+0000] {dag.py:3239} INFO - Sync 1 DAGs
[2026-06-09T15:32:47.584+0000] {logging_mixin.py:190} INFO - [2026-06-09T15:32:47.584+0000] {dag.py:4180} INFO - Setting next_dagrun for create_analytics_mart_performance to 2026-06-08 03:00:00+00:00, run_after=2026-06-09 03:00:00+00:00
[2026-06-09T15:32:47.602+0000] {processor.py:208} INFO - Processing /opt/airflow/dags/dag_analystics_student_performance.py took 0.101 seconds
[2026-06-09T15:33:17.733+0000] {processor.py:186} INFO - Started process (PID=220) to work on /opt/airflow/dags/dag_analystics_student_performance.py
[2026-06-09T15:33:17.734+0000] {processor.py:914} INFO - Processing file /opt/airflow/dags/dag_analystics_student_performance.py for tasks to queue
[2026-06-09T15:33:17.736+0000] {logging_mixin.py:190} INFO - [2026-06-09T15:33:17.736+0000] {dagbag.py:588} INFO - Filling up the DagBag from /opt/airflow/dags/dag_analystics_student_performance.py
[2026-06-09T15:33:17.760+0000] {processor.py:925} INFO - DAG(s) 'create_analytics_mart_performance' retrieved from /opt/airflow/dags/dag_analystics_student_performance.py
[2026-06-09T15:33:17.783+0000] {logging_mixin.py:190} INFO - [2026-06-09T15:33:17.783+0000] {dag.py:3239} INFO - Sync 1 DAGs
[2026-06-09T15:33:17.803+0000] {logging_mixin.py:190} INFO - [2026-06-09T15:33:17.803+0000] {dag.py:4180} INFO - Setting next_dagrun for create_analytics_mart_performance to 2026-06-08 03:00:00+00:00, run_after=2026-06-09 03:00:00+00:00
[2026-06-09T15:33:17.821+0000] {processor.py:208} INFO - Processing /opt/airflow/dags/dag_analystics_student_performance.py took 0.093 seconds
[2026-06-09T15:33:47.949+0000] {processor.py:186} INFO - Started process (PID=236) to work on /opt/airflow/dags/dag_analystics_student_performance.py
[2026-06-09T15:33:47.950+0000] {processor.py:914} INFO - Processing file /opt/airflow/dags/dag_analystics_student_performance.py for tasks to queue
[2026-06-09T15:33:47.952+0000] {logging_mixin.py:190} INFO - [2026-06-09T15:33:47.952+0000] {dagbag.py:588} INFO - Filling up the DagBag from /opt/airflow/dags/dag_analystics_student_performance.py
[2026-06-09T15:33:47.977+0000] {processor.py:925} INFO - DAG(s) 'create_analytics_mart_performance' retrieved from /opt/airflow/dags/dag_analystics_student_performance.py
[2026-06-09T15:33:47.999+0000] {logging_mixin.py:190} INFO - [2026-06-09T15:33:47.999+0000] {dag.py:3239} INFO - Sync 1 DAGs
[2026-06-09T15:33:48.020+0000] {logging_mixin.py:190} INFO - [2026-06-09T15:33:48.020+0000] {dag.py:4180} INFO - Setting next_dagrun for create_analytics_mart_performance to 2026-06-08 03:00:00+00:00, run_after=2026-06-09 03:00:00+00:00
[2026-06-09T15:33:48.038+0000] {processor.py:208} INFO - Processing /opt/airflow/dags/dag_analystics_student_performance.py took 0.093 seconds
[2026-06-09T15:34:18.198+0000] {processor.py:186} INFO - Started process (PID=252) to work on /opt/airflow/dags/dag_analystics_student_performance.py
[2026-06-09T15:34:18.199+0000] {processor.py:914} INFO - Processing file /opt/airflow/dags/dag_analystics_student_performance.py for tasks to queue
[2026-06-09T15:34:18.202+0000] {logging_mixin.py:190} INFO - [2026-06-09T15:34:18.201+0000] {dagbag.py:588} INFO - Filling up the DagBag from /opt/airflow/dags/dag_analystics_student_performance.py
[2026-06-09T15:34:18.229+0000] {processor.py:925} INFO - DAG(s) 'create_analytics_mart_performance' retrieved from /opt/airflow/dags/dag_analystics_student_performance.py
[2026-06-09T15:34:18.250+0000] {logging_mixin.py:190} INFO - [2026-06-09T15:34:18.249+0000] {dag.py:3239} INFO - Sync 1 DAGs
[2026-06-09T15:34:18.269+0000] {logging_mixin.py:190} INFO - [2026-06-09T15:34:18.269+0000] {dag.py:4180} INFO - Setting next_dagrun for create_analytics_mart_performance to 2026-06-08 03:00:00+00:00, run_after=2026-06-09 03:00:00+00:00
[2026-06-09T15:34:18.286+0000] {processor.py:208} INFO - Processing /opt/airflow/dags/dag_analystics_student_performance.py took 0.093 seconds
[2026-06-09T15:34:48.385+0000] {processor.py:186} INFO - Started process (PID=268) to work on /opt/airflow/dags/dag_analystics_student_performance.py
[2026-06-09T15:34:48.386+0000] {processor.py:914} INFO - Processing file /opt/airflow/dags/dag_analystics_student_performance.py for tasks to queue
[2026-06-09T15:34:48.388+0000] {logging_mixin.py:190} INFO - [2026-06-09T15:34:48.388+0000] {dagbag.py:588} INFO - Filling up the DagBag from /opt/airflow/dags/dag_analystics_student_performance.py
[2026-06-09T15:34:48.411+0000] {processor.py:925} INFO - DAG(s) 'create_analytics_mart_performance' retrieved from /opt/airflow/dags/dag_analystics_student_performance.py
[2026-06-09T15:34:48.433+0000] {logging_mixin.py:190} INFO - [2026-06-09T15:34:48.433+0000] {dag.py:3239} INFO - Sync 1 DAGs
[2026-06-09T15:34:48.452+0000] {logging_mixin.py:190} INFO - [2026-06-09T15:34:48.451+0000] {dag.py:4180} INFO - Setting next_dagrun for create_analytics_mart_performance to 2026-06-08 03:00:00+00:00, run_after=2026-06-09 03:00:00+00:00
[2026-06-09T15:34:48.472+0000] {processor.py:208} INFO - Processing /opt/airflow/dags/dag_analystics_student_performance.py took 0.092 seconds
[2026-06-09T15:35:18.618+0000] {processor.py:186} INFO - Started process (PID=285) to work on /opt/airflow/dags/dag_analystics_student_performance.py
[2026-06-09T15:35:18.619+0000] {processor.py:914} INFO - Processing file /opt/airflow/dags/dag_analystics_student_performance.py for tasks to queue
[2026-06-09T15:35:18.621+0000] {logging_mixin.py:190} INFO - [2026-06-09T15:35:18.621+0000] {dagbag.py:588} INFO - Filling up the DagBag from /opt/airflow/dags/dag_analystics_student_performance.py
[2026-06-09T15:35:18.648+0000] {processor.py:925} INFO - DAG(s) 'create_analytics_mart_performance' retrieved from /opt/airflow/dags/dag_analystics_student_performance.py
[2026-06-09T15:35:18.671+0000] {logging_mixin.py:190} INFO - [2026-06-09T15:35:18.671+0000] {dag.py:3239} INFO - Sync 1 DAGs
[2026-06-09T15:35:18.691+0000] {logging_mixin.py:190} INFO - [2026-06-09T15:35:18.691+0000] {dag.py:4180} INFO - Setting next_dagrun for create_analytics_mart_performance to 2026-06-08 03:00:00+00:00, run_after=2026-06-09 03:00:00+00:00
[2026-06-09T15:35:18.711+0000] {processor.py:208} INFO - Processing /opt/airflow/dags/dag_analystics_student_performance.py took 0.099 seconds
[2026-06-09T15:35:48.865+0000] {processor.py:186} INFO - Started process (PID=301) to work on /opt/airflow/dags/dag_analystics_student_performance.py
[2026-06-09T15:35:48.866+0000] {processor.py:914} INFO - Processing file /opt/airflow/dags/dag_analystics_student_performance.py for tasks to queue
[2026-06-09T15:35:48.869+0000] {logging_mixin.py:190} INFO - [2026-06-09T15:35:48.868+0000] {dagbag.py:588} INFO - Filling up the DagBag from /opt/airflow/dags/dag_analystics_student_performance.py
[2026-06-09T15:35:48.899+0000] {processor.py:925} INFO - DAG(s) 'create_analytics_mart_performance' retrieved from /opt/airflow/dags/dag_analystics_student_performance.py
[2026-06-09T15:35:48.926+0000] {logging_mixin.py:190} INFO - [2026-06-09T15:35:48.925+0000] {dag.py:3239} INFO - Sync 1 DAGs
[2026-06-09T15:35:48.949+0000] {logging_mixin.py:190} INFO - [2026-06-09T15:35:48.948+0000] {dag.py:4180} INFO - Setting next_dagrun for create_analytics_mart_performance to 2026-06-08 03:00:00+00:00, run_after=2026-06-09 03:00:00+00:00
[2026-06-09T15:35:48.972+0000] {processor.py:208} INFO - Processing /opt/airflow/dags/dag_analystics_student_performance.py took 0.112 seconds
[2026-06-09T15:36:19.092+0000] {processor.py:186} INFO - Started process (PID=317) to work on /opt/airflow/dags/dag_analystics_student_performance.py
[2026-06-09T15:36:19.093+0000] {processor.py:914} INFO - Processing file /opt/airflow/dags/dag_analystics_student_performance.py for tasks to queue
[2026-06-09T15:36:19.095+0000] {logging_mixin.py:190} INFO - [2026-06-09T15:36:19.095+0000] {dagbag.py:588} INFO - Filling up the DagBag from /opt/airflow/dags/dag_analystics_student_performance.py
[2026-06-09T15:36:19.120+0000] {processor.py:925} INFO - DAG(s) 'create_analytics_mart_performance' retrieved from /opt/airflow/dags/dag_analystics_student_performance.py
[2026-06-09T15:36:19.141+0000] {logging_mixin.py:190} INFO - [2026-06-09T15:36:19.141+0000] {dag.py:3239} INFO - Sync 1 DAGs
[2026-06-09T15:36:19.169+0000] {logging_mixin.py:190} INFO - [2026-06-09T15:36:19.169+0000] {dag.py:4180} INFO - Setting next_dagrun for create_analytics_mart_performance to 2026-06-08 03:00:00+00:00, run_after=2026-06-09 03:00:00+00:00
[2026-06-09T15:36:19.192+0000] {processor.py:208} INFO - Processing /opt/airflow/dags/dag_analystics_student_performance.py took 0.105 seconds
[2026-06-09T15:36:49.435+0000] {processor.py:186} INFO - Started process (PID=339) to work on /opt/airflow/dags/dag_analystics_student_performance.py
[2026-06-09T15:36:49.436+0000] {processor.py:914} INFO - Processing file /opt/airflow/dags/dag_analystics_student_performance.py for tasks to queue
[2026-06-09T15:36:49.441+0000] {logging_mixin.py:190} INFO - [2026-06-09T15:36:49.440+0000] {dagbag.py:588} INFO - Filling up the DagBag from /opt/airflow/dags/dag_analystics_student_performance.py
[2026-06-09T15:36:49.465+0000] {processor.py:925} INFO - DAG(s) 'create_analytics_mart_performance' retrieved from /opt/airflow/dags/dag_analystics_student_performance.py
[2026-06-09T15:36:49.492+0000] {logging_mixin.py:190} INFO - [2026-06-09T15:36:49.491+0000] {dag.py:3239} INFO - Sync 1 DAGs
[2026-06-09T15:36:49.514+0000] {logging_mixin.py:190} INFO - [2026-06-09T15:36:49.514+0000] {dag.py:4180} INFO - Setting next_dagrun for create_analytics_mart_performance to 2026-06-08 03:00:00+00:00, run_after=2026-06-09 03:00:00+00:00
[2026-06-09T15:36:49.530+0000] {processor.py:208} INFO - Processing /opt/airflow/dags/dag_analystics_student_performance.py took 0.101 seconds
[2026-06-09T15:37:19.667+0000] {processor.py:186} INFO - Started process (PID=355) to work on /opt/airflow/dags/dag_analystics_student_performance.py
[2026-06-09T15:37:19.668+0000] {processor.py:914} INFO - Processing file /opt/airflow/dags/dag_analystics_student_performance.py for tasks to queue
[2026-06-09T15:37:19.670+0000] {logging_mixin.py:190} INFO - [2026-06-09T15:37:19.670+0000] {dagbag.py:588} INFO - Filling up the DagBag from /opt/airflow/dags/dag_analystics_student_performance.py
[2026-06-09T15:37:19.697+0000] {processor.py:925} INFO - DAG(s) 'create_analytics_mart_performance' retrieved from /opt/airflow/dags/dag_analystics_student_performance.py
[2026-06-09T15:37:19.722+0000] {logging_mixin.py:190} INFO - [2026-06-09T15:37:19.722+0000] {dag.py:3239} INFO - Sync 1 DAGs
[2026-06-09T15:37:19.745+0000] {logging_mixin.py:190} INFO - [2026-06-09T15:37:19.744+0000] {dag.py:4180} INFO - Setting next_dagrun for create_analytics_mart_performance to 2026-06-08 03:00:00+00:00, run_after=2026-06-09 03:00:00+00:00
[2026-06-09T15:37:19.764+0000] {processor.py:208} INFO - Processing /opt/airflow/dags/dag_analystics_student_performance.py took 0.103 seconds
[2026-06-09T15:37:49.964+0000] {processor.py:186} INFO - Started process (PID=371) to work on /opt/airflow/dags/dag_analystics_student_performance.py
[2026-06-09T15:37:49.966+0000] {processor.py:914} INFO - Processing file /opt/airflow/dags/dag_analystics_student_performance.py for tasks to queue
[2026-06-09T15:37:49.970+0000] {logging_mixin.py:190} INFO - [2026-06-09T15:37:49.969+0000] {dagbag.py:588} INFO - Filling up the DagBag from /opt/airflow/dags/dag_analystics_student_performance.py
[2026-06-09T15:37:49.998+0000] {processor.py:925} INFO - DAG(s) 'create_analytics_mart_performance' retrieved from /opt/airflow/dags/dag_analystics_student_performance.py
[2026-06-09T15:37:50.023+0000] {logging_mixin.py:190} INFO - [2026-06-09T15:37:50.023+0000] {dag.py:3239} INFO - Sync 1 DAGs
[2026-06-09T15:37:50.042+0000] {logging_mixin.py:190} INFO - [2026-06-09T15:37:50.042+0000] {dag.py:4180} INFO - Setting next_dagrun for create_analytics_mart_performance to 2026-06-08 03:00:00+00:00, run_after=2026-06-09 03:00:00+00:00
[2026-06-09T15:37:50.060+0000] {processor.py:208} INFO - Processing /opt/airflow/dags/dag_analystics_student_performance.py took 0.101 seconds
[2026-06-09T15:38:20.239+0000] {processor.py:186} INFO - Started process (PID=387) to work on /opt/airflow/dags/dag_analystics_student_performance.py
[2026-06-09T15:38:20.240+0000] {processor.py:914} INFO - Processing file /opt/airflow/dags/dag_analystics_student_performance.py for tasks to queue
[2026-06-09T15:38:20.242+0000] {logging_mixin.py:190} INFO - [2026-06-09T15:38:20.242+0000] {dagbag.py:588} INFO - Filling up the DagBag from /opt/airflow/dags/dag_analystics_student_performance.py
[2026-06-09T15:38:20.269+0000] {processor.py:925} INFO - DAG(s) 'create_analytics_mart_performance' retrieved from /opt/airflow/dags/dag_analystics_student_performance.py
[2026-06-09T15:38:20.295+0000] {logging_mixin.py:190} INFO - [2026-06-09T15:38:20.295+0000] {dag.py:3239} INFO - Sync 1 DAGs
[2026-06-09T15:38:20.321+0000] {logging_mixin.py:190} INFO - [2026-06-09T15:38:20.321+0000] {dag.py:4180} INFO - Setting next_dagrun for create_analytics_mart_performance to 2026-06-08 03:00:00+00:00, run_after=2026-06-09 03:00:00+00:00
[2026-06-09T15:38:20.343+0000] {processor.py:208} INFO - Processing /opt/airflow/dags/dag_analystics_student_performance.py took 0.108 seconds
[2026-06-09T15:38:50.501+0000] {processor.py:186} INFO - Started process (PID=403) to work on /opt/airflow/dags/dag_analystics_student_performance.py
[2026-06-09T15:38:50.502+0000] {processor.py:914} INFO - Processing file /opt/airflow/dags/dag_analystics_student_performance.py for tasks to queue
[2026-06-09T15:38:50.504+0000] {logging_mixin.py:190} INFO - [2026-06-09T15:38:50.504+0000] {dagbag.py:588} INFO - Filling up the DagBag from /opt/airflow/dags/dag_analystics_student_performance.py
[2026-06-09T15:38:50.532+0000] {processor.py:925} INFO - DAG(s) 'create_analytics_mart_performance' retrieved from /opt/airflow/dags/dag_analystics_student_performance.py
[2026-06-09T15:38:50.554+0000] {logging_mixin.py:190} INFO - [2026-06-09T15:38:50.553+0000] {dag.py:3239} INFO - Sync 1 DAGs
[2026-06-09T15:38:50.574+0000] {logging_mixin.py:190} INFO - [2026-06-09T15:38:50.573+0000] {dag.py:4180} INFO - Setting next_dagrun for create_analytics_mart_performance to 2026-06-08 03:00:00+00:00, run_after=2026-06-09 03:00:00+00:00
[2026-06-09T15:38:50.592+0000] {processor.py:208} INFO - Processing /opt/airflow/dags/dag_analystics_student_performance.py took 0.096 seconds
[2026-06-09T15:39:20.849+0000] {processor.py:186} INFO - Started process (PID=419) to work on /opt/airflow/dags/dag_analystics_student_performance.py
[2026-06-09T15:39:20.850+0000] {processor.py:914} INFO - Processing file /opt/airflow/dags/dag_analystics_student_performance.py for tasks to queue
[2026-06-09T15:39:20.853+0000] {logging_mixin.py:190} INFO - [2026-06-09T15:39:20.852+0000] {dagbag.py:588} INFO - Filling up the DagBag from /opt/airflow/dags/dag_analystics_student_performance.py
[2026-06-09T15:39:20.882+0000] {processor.py:925} INFO - DAG(s) 'create_analytics_mart_performance' retrieved from /opt/airflow/dags/dag_analystics_student_performance.py
[2026-06-09T15:39:20.911+0000] {logging_mixin.py:190} INFO - [2026-06-09T15:39:20.910+0000] {dag.py:3239} INFO - Sync 1 DAGs
[2026-06-09T15:39:20.932+0000] {logging_mixin.py:190} INFO - [2026-06-09T15:39:20.932+0000] {dag.py:4180} INFO - Setting next_dagrun for create_analytics_mart_performance to 2026-06-08 03:00:00+00:00, run_after=2026-06-09 03:00:00+00:00
[2026-06-09T15:39:20.956+0000] {processor.py:208} INFO - Processing /opt/airflow/dags/dag_analystics_student_performance.py took 0.114 seconds
[2026-06-09T15:39:51.086+0000] {processor.py:186} INFO - Started process (PID=441) to work on /opt/airflow/dags/dag_analystics_student_performance.py
[2026-06-09T15:39:51.087+0000] {processor.py:914} INFO - Processing file /opt/airflow/dags/dag_analystics_student_performance.py for tasks to queue
[2026-06-09T15:39:51.090+0000] {logging_mixin.py:190} INFO - [2026-06-09T15:39:51.089+0000] {dagbag.py:588} INFO - Filling up the DagBag from /opt/airflow/dags/dag_analystics_student_performance.py
[2026-06-09T15:39:51.116+0000] {processor.py:925} INFO - DAG(s) 'create_analytics_mart_performance' retrieved from /opt/airflow/dags/dag_analystics_student_performance.py
[2026-06-09T15:39:51.142+0000] {logging_mixin.py:190} INFO - [2026-06-09T15:39:51.141+0000] {dag.py:3239} INFO - Sync 1 DAGs
[2026-06-09T15:39:51.165+0000] {logging_mixin.py:190} INFO - [2026-06-09T15:39:51.165+0000] {dag.py:4180} INFO - Setting next_dagrun for create_analytics_mart_performance to 2026-06-09 03:00:00+00:00, run_after=2026-06-10 03:00:00+00:00
[2026-06-09T15:39:51.185+0000] {processor.py:208} INFO - Processing /opt/airflow/dags/dag_analystics_student_performance.py took 0.104 seconds
[2026-06-09T15:40:21.347+0000] {processor.py:186} INFO - Started process (PID=457) to work on /opt/airflow/dags/dag_analystics_student_performance.py
[2026-06-09T15:40:21.348+0000] {processor.py:914} INFO - Processing file /opt/airflow/dags/dag_analystics_student_performance.py for tasks to queue
[2026-06-09T15:40:21.350+0000] {logging_mixin.py:190} INFO - [2026-06-09T15:40:21.349+0000] {dagbag.py:588} INFO - Filling up the DagBag from /opt/airflow/dags/dag_analystics_student_performance.py
[2026-06-09T15:40:21.376+0000] {processor.py:925} INFO - DAG(s) 'create_analytics_mart_performance' retrieved from /opt/airflow/dags/dag_analystics_student_performance.py
[2026-06-09T15:40:21.400+0000] {logging_mixin.py:190} INFO - [2026-06-09T15:40:21.400+0000] {dag.py:3239} INFO - Sync 1 DAGs
[2026-06-09T15:40:21.421+0000] {logging_mixin.py:190} INFO - [2026-06-09T15:40:21.421+0000] {dag.py:4180} INFO - Setting next_dagrun for create_analytics_mart_performance to 2026-06-09 03:00:00+00:00, run_after=2026-06-10 03:00:00+00:00
[2026-06-09T15:40:21.442+0000] {processor.py:208} INFO - Processing /opt/airflow/dags/dag_analystics_student_performance.py took 0.102 seconds
[2026-06-09T15:40:51.618+0000] {processor.py:186} INFO - Started process (PID=473) to work on /opt/airflow/dags/dag_analystics_student_performance.py
[2026-06-09T15:40:51.619+0000] {processor.py:914} INFO - Processing file /opt/airflow/dags/dag_analystics_student_performance.py for tasks to queue
[2026-06-09T15:40:51.622+0000] {logging_mixin.py:190} INFO - [2026-06-09T15:40:51.621+0000] {dagbag.py:588} INFO - Filling up the DagBag from /opt/airflow/dags/dag_analystics_student_performance.py
[2026-06-09T15:40:51.644+0000] {processor.py:925} INFO - DAG(s) 'create_analytics_mart_performance' retrieved from /opt/airflow/dags/dag_analystics_student_performance.py
[2026-06-09T15:40:51.665+0000] {logging_mixin.py:190} INFO - [2026-06-09T15:40:51.665+0000] {dag.py:3239} INFO - Sync 1 DAGs
[2026-06-09T15:40:51.684+0000] {logging_mixin.py:190} INFO - [2026-06-09T15:40:51.684+0000] {dag.py:4180} INFO - Setting next_dagrun for create_analytics_mart_performance to 2026-06-09 03:00:00+00:00, run_after=2026-06-10 03:00:00+00:00
[2026-06-09T15:40:51.703+0000] {processor.py:208} INFO - Processing /opt/airflow/dags/dag_analystics_student_performance.py took 0.089 seconds
[2026-06-09T15:41:21.828+0000] {processor.py:186} INFO - Started process (PID=489) to work on /opt/airflow/dags/dag_analystics_student_performance.py
[2026-06-09T15:41:21.829+0000] {processor.py:914} INFO - Processing file /opt/airflow/dags/dag_analystics_student_performance.py for tasks to queue
[2026-06-09T15:41:21.832+0000] {logging_mixin.py:190} INFO - [2026-06-09T15:41:21.831+0000] {dagbag.py:588} INFO - Filling up the DagBag from /opt/airflow/dags/dag_analystics_student_performance.py
[2026-06-09T15:41:21.856+0000] {processor.py:925} INFO - DAG(s) 'create_analytics_mart_performance' retrieved from /opt/airflow/dags/dag_analystics_student_performance.py
[2026-06-09T15:41:21.880+0000] {logging_mixin.py:190} INFO - [2026-06-09T15:41:21.880+0000] {dag.py:3239} INFO - Sync 1 DAGs
[2026-06-09T15:41:21.899+0000] {logging_mixin.py:190} INFO - [2026-06-09T15:41:21.899+0000] {dag.py:4180} INFO - Setting next_dagrun for create_analytics_mart_performance to 2026-06-09 03:00:00+00:00, run_after=2026-06-10 03:00:00+00:00
[2026-06-09T15:41:21.917+0000] {processor.py:208} INFO - Processing /opt/airflow/dags/dag_analystics_student_performance.py took 0.095 seconds
[2026-06-09T15:41:52.134+0000] {processor.py:186} INFO - Started process (PID=505) to work on /opt/airflow/dags/dag_analystics_student_performance.py
[2026-06-09T15:41:52.136+0000] {processor.py:914} INFO - Processing file /opt/airflow/dags/dag_analystics_student_performance.py for tasks to queue
[2026-06-09T15:41:52.138+0000] {logging_mixin.py:190} INFO - [2026-06-09T15:41:52.137+0000] {dagbag.py:588} INFO - Filling up the DagBag from /opt/airflow/dags/dag_analystics_student_performance.py
[2026-06-09T15:41:52.164+0000] {processor.py:925} INFO - DAG(s) 'create_analytics_mart_performance' retrieved from /opt/airflow/dags/dag_analystics_student_performance.py
[2026-06-09T15:41:52.183+0000] {logging_mixin.py:190} INFO - [2026-06-09T15:41:52.183+0000] {dag.py:3239} INFO - Sync 1 DAGs
[2026-06-09T15:41:52.203+0000] {logging_mixin.py:190} INFO - [2026-06-09T15:41:52.203+0000] {dag.py:4180} INFO - Setting next_dagrun for create_analytics_mart_performance to 2026-06-09 03:00:00+00:00, run_after=2026-06-10 03:00:00+00:00
[2026-06-09T15:41:52.225+0000] {processor.py:208} INFO - Processing /opt/airflow/dags/dag_analystics_student_performance.py took 0.096 seconds
[2026-06-09T15:42:22.453+0000] {processor.py:186} INFO - Started process (PID=521) to work on /opt/airflow/dags/dag_analystics_student_performance.py
[2026-06-09T15:42:22.454+0000] {processor.py:914} INFO - Processing file /opt/airflow/dags/dag_analystics_student_performance.py for tasks to queue
[2026-06-09T15:42:22.456+0000] {logging_mixin.py:190} INFO - [2026-06-09T15:42:22.456+0000] {dagbag.py:588} INFO - Filling up the DagBag from /opt/airflow/dags/dag_analystics_student_performance.py
[2026-06-09T15:42:22.485+0000] {processor.py:925} INFO - DAG(s) 'create_analytics_mart_performance' retrieved from /opt/airflow/dags/dag_analystics_student_performance.py
[2026-06-09T15:42:22.514+0000] {logging_mixin.py:190} INFO - [2026-06-09T15:42:22.514+0000] {dag.py:3239} INFO - Sync 1 DAGs
[2026-06-09T15:42:22.534+0000] {logging_mixin.py:190} INFO - [2026-06-09T15:42:22.533+0000] {dag.py:4180} INFO - Setting next_dagrun for create_analytics_mart_performance to 2026-06-09 03:00:00+00:00, run_after=2026-06-10 03:00:00+00:00
[2026-06-09T15:42:22.552+0000] {processor.py:208} INFO - Processing /opt/airflow/dags/dag_analystics_student_performance.py took 0.104 seconds
[2026-06-09T15:42:52.660+0000] {processor.py:186} INFO - Started process (PID=537) to work on /opt/airflow/dags/dag_analystics_student_performance.py
[2026-06-09T15:42:52.661+0000] {processor.py:914} INFO - Processing file /opt/airflow/dags/dag_analystics_student_performance.py for tasks to queue
[2026-06-09T15:42:52.663+0000] {logging_mixin.py:190} INFO - [2026-06-09T15:42:52.663+0000] {dagbag.py:588} INFO - Filling up the DagBag from /opt/airflow/dags/dag_analystics_student_performance.py
[2026-06-09T15:42:52.687+0000] {processor.py:925} INFO - DAG(s) 'create_analytics_mart_performance' retrieved from /opt/airflow/dags/dag_analystics_student_performance.py
[2026-06-09T15:42:52.709+0000] {logging_mixin.py:190} INFO - [2026-06-09T15:42:52.709+0000] {dag.py:3239} INFO - Sync 1 DAGs
[2026-06-09T15:42:52.729+0000] {logging_mixin.py:190} INFO - [2026-06-09T15:42:52.728+0000] {dag.py:4180} INFO - Setting next_dagrun for create_analytics_mart_performance to 2026-06-09 03:00:00+00:00, run_after=2026-06-10 03:00:00+00:00
[2026-06-09T15:42:52.746+0000] {processor.py:208} INFO - Processing /opt/airflow/dags/dag_analystics_student_performance.py took 0.091 seconds
[2026-06-09T15:43:22.923+0000] {processor.py:186} INFO - Started process (PID=553) to work on /opt/airflow/dags/dag_analystics_student_performance.py
[2026-06-09T15:43:22.924+0000] {processor.py:914} INFO - Processing file /opt/airflow/dags/dag_analystics_student_performance.py for tasks to queue
[2026-06-09T15:43:22.927+0000] {logging_mixin.py:190} INFO - [2026-06-09T15:43:22.926+0000] {dagbag.py:588} INFO - Filling up the DagBag from /opt/airflow/dags/dag_analystics_student_performance.py
[2026-06-09T15:43:22.954+0000] {processor.py:925} INFO - DAG(s) 'create_analytics_mart_performance' retrieved from /opt/airflow/dags/dag_analystics_student_performance.py
[2026-06-09T15:43:22.980+0000] {logging_mixin.py:190} INFO - [2026-06-09T15:43:22.980+0000] {dag.py:3239} INFO - Sync 1 DAGs
[2026-06-09T15:43:22.999+0000] {logging_mixin.py:190} INFO - [2026-06-09T15:43:22.999+0000] {dag.py:4180} INFO - Setting next_dagrun for create_analytics_mart_performance to 2026-06-09 03:00:00+00:00, run_after=2026-06-10 03:00:00+00:00
[2026-06-09T15:43:23.018+0000] {processor.py:208} INFO - Processing /opt/airflow/dags/dag_analystics_student_performance.py took 0.099 seconds
[2026-06-09T15:43:53.269+0000] {processor.py:186} INFO - Started process (PID=569) to work on /opt/airflow/dags/dag_analystics_student_performance.py
[2026-06-09T15:43:53.270+0000] {processor.py:914} INFO - Processing file /opt/airflow/dags/dag_analystics_student_performance.py for tasks to queue
[2026-06-09T15:43:53.272+0000] {logging_mixin.py:190} INFO - [2026-06-09T15:43:53.271+0000] {dagbag.py:588} INFO - Filling up the DagBag from /opt/airflow/dags/dag_analystics_student_performance.py
[2026-06-09T15:43:53.296+0000] {processor.py:925} INFO - DAG(s) 'create_analytics_mart_performance' retrieved from /opt/airflow/dags/dag_analystics_student_performance.py
[2026-06-09T15:43:53.321+0000] {logging_mixin.py:190} INFO - [2026-06-09T15:43:53.321+0000] {dag.py:3239} INFO - Sync 1 DAGs
[2026-06-09T15:43:53.341+0000] {logging_mixin.py:190} INFO - [2026-06-09T15:43:53.341+0000] {dag.py:4180} INFO - Setting next_dagrun for create_analytics_mart_performance to 2026-06-09 03:00:00+00:00, run_after=2026-06-10 03:00:00+00:00
[2026-06-09T15:43:53.361+0000] {processor.py:208} INFO - Processing /opt/airflow/dags/dag_analystics_student_performance.py took 0.098 seconds
[2026-06-09T15:44:23.492+0000] {processor.py:186} INFO - Started process (PID=585) to work on /opt/airflow/dags/dag_analystics_student_performance.py
[2026-06-09T15:44:23.493+0000] {processor.py:914} INFO - Processing file /opt/airflow/dags/dag_analystics_student_performance.py for tasks to queue
[2026-06-09T15:44:23.495+0000] {logging_mixin.py:190} INFO - [2026-06-09T15:44:23.495+0000] {dagbag.py:588} INFO - Filling up the DagBag from /opt/airflow/dags/dag_analystics_student_performance.py
[2026-06-09T15:44:23.519+0000] {processor.py:925} INFO - DAG(s) 'create_analytics_mart_performance' retrieved from /opt/airflow/dags/dag_analystics_student_performance.py
[2026-06-09T15:44:23.543+0000] {logging_mixin.py:190} INFO - [2026-06-09T15:44:23.543+0000] {dag.py:3239} INFO - Sync 1 DAGs
[2026-06-09T15:44:23.564+0000] {logging_mixin.py:190} INFO - [2026-06-09T15:44:23.564+0000] {dag.py:4180} INFO - Setting next_dagrun for create_analytics_mart_performance to 2026-06-09 03:00:00+00:00, run_after=2026-06-10 03:00:00+00:00
[2026-06-09T15:44:23.585+0000] {processor.py:208} INFO - Processing /opt/airflow/dags/dag_analystics_student_performance.py took 0.098 seconds
[2026-06-09T15:44:53.813+0000] {processor.py:186} INFO - Started process (PID=601) to work on /opt/airflow/dags/dag_analystics_student_performance.py
[2026-06-09T15:44:53.814+0000] {processor.py:914} INFO - Processing file /opt/airflow/dags/dag_analystics_student_performance.py for tasks to queue
[2026-06-09T15:44:53.816+0000] {logging_mixin.py:190} INFO - [2026-06-09T15:44:53.816+0000] {dagbag.py:588} INFO - Filling up the DagBag from /opt/airflow/dags/dag_analystics_student_performance.py
[2026-06-09T15:44:53.841+0000] {processor.py:925} INFO - DAG(s) 'create_analytics_mart_performance' retrieved from /opt/airflow/dags/dag_analystics_student_performance.py
[2026-06-09T15:44:53.864+0000] {logging_mixin.py:190} INFO - [2026-06-09T15:44:53.863+0000] {dag.py:3239} INFO - Sync 1 DAGs
[2026-06-09T15:44:53.884+0000] {logging_mixin.py:190} INFO - [2026-06-09T15:44:53.884+0000] {dag.py:4180} INFO - Setting next_dagrun for create_analytics_mart_performance to 2026-06-09 03:00:00+00:00, run_after=2026-06-10 03:00:00+00:00
[2026-06-09T15:44:53.905+0000] {processor.py:208} INFO - Processing /opt/airflow/dags/dag_analystics_student_performance.py took 0.097 seconds
[2026-06-09T15:45:24.026+0000] {processor.py:186} INFO - Started process (PID=617) to work on /opt/airflow/dags/dag_analystics_student_performance.py
[2026-06-09T15:45:24.027+0000] {processor.py:914} INFO - Processing file /opt/airflow/dags/dag_analystics_student_performance.py for tasks to queue
[2026-06-09T15:45:24.029+0000] {logging_mixin.py:190} INFO - [2026-06-09T15:45:24.029+0000] {dagbag.py:588} INFO - Filling up the DagBag from /opt/airflow/dags/dag_analystics_student_performance.py
[2026-06-09T15:45:24.050+0000] {processor.py:925} INFO - DAG(s) 'create_analytics_mart_performance' retrieved from /opt/airflow/dags/dag_analystics_student_performance.py
[2026-06-09T15:45:24.071+0000] {logging_mixin.py:190} INFO - [2026-06-09T15:45:24.071+0000] {dag.py:3239} INFO - Sync 1 DAGs
[2026-06-09T15:45:24.093+0000] {logging_mixin.py:190} INFO - [2026-06-09T15:45:24.093+0000] {dag.py:4180} INFO - Setting next_dagrun for create_analytics_mart_performance to 2026-06-09 03:00:00+00:00, run_after=2026-06-10 03:00:00+00:00
[2026-06-09T15:45:24.111+0000] {processor.py:208} INFO - Processing /opt/airflow/dags/dag_analystics_student_performance.py took 0.090 seconds
[2026-06-09T15:45:54.322+0000] {processor.py:186} INFO - Started process (PID=633) to work on /opt/airflow/dags/dag_analystics_student_performance.py
[2026-06-09T15:45:54.323+0000] {processor.py:914} INFO - Processing file /opt/airflow/dags/dag_analystics_student_performance.py for tasks to queue
[2026-06-09T15:45:54.326+0000] {logging_mixin.py:190} INFO - [2026-06-09T15:45:54.325+0000] {dagbag.py:588} INFO - Filling up the DagBag from /opt/airflow/dags/dag_analystics_student_performance.py
[2026-06-09T15:45:54.350+0000] {processor.py:925} INFO - DAG(s) 'create_analytics_mart_performance' retrieved from /opt/airflow/dags/dag_analystics_student_performance.py
[2026-06-09T15:45:54.375+0000] {logging_mixin.py:190} INFO - [2026-06-09T15:45:54.375+0000] {dag.py:3239} INFO - Sync 1 DAGs
[2026-06-09T15:45:54.398+0000] {logging_mixin.py:190} INFO - [2026-06-09T15:45:54.398+0000] {dag.py:4180} INFO - Setting next_dagrun for create_analytics_mart_performance to 2026-06-09 03:00:00+00:00, run_after=2026-06-10 03:00:00+00:00
[2026-06-09T15:45:54.416+0000] {processor.py:208} INFO - Processing /opt/airflow/dags/dag_analystics_student_performance.py took 0.100 seconds
[2026-06-09T15:46:24.599+0000] {processor.py:186} INFO - Started process (PID=649) to work on /opt/airflow/dags/dag_analystics_student_performance.py
[2026-06-09T15:46:24.600+0000] {processor.py:914} INFO - Processing file /opt/airflow/dags/dag_analystics_student_performance.py for tasks to queue
[2026-06-09T15:46:24.604+0000] {logging_mixin.py:190} INFO - [2026-06-09T15:46:24.604+0000] {dagbag.py:588} INFO - Filling up the DagBag from /opt/airflow/dags/dag_analystics_student_performance.py
[2026-06-09T15:46:24.642+0000] {processor.py:925} INFO - DAG(s) 'create_analytics_mart_performance' retrieved from /opt/airflow/dags/dag_analystics_student_performance.py
[2026-06-09T15:46:24.685+0000] {logging_mixin.py:190} INFO - [2026-06-09T15:46:24.684+0000] {dag.py:3239} INFO - Sync 1 DAGs
[2026-06-09T15:46:24.714+0000] {logging_mixin.py:190} INFO - [2026-06-09T15:46:24.714+0000] {dag.py:4180} INFO - Setting next_dagrun for create_analytics_mart_performance to 2026-06-09 03:00:00+00:00, run_after=2026-06-10 03:00:00+00:00
[2026-06-09T15:46:24.746+0000] {processor.py:208} INFO - Processing /opt/airflow/dags/dag_analystics_student_performance.py took 0.154 seconds
[2026-06-09T15:46:55.020+0000] {processor.py:186} INFO - Started process (PID=665) to work on /opt/airflow/dags/dag_analystics_student_performance.py
[2026-06-09T15:46:55.021+0000] {processor.py:914} INFO - Processing file /opt/airflow/dags/dag_analystics_student_performance.py for tasks to queue
[2026-06-09T15:46:55.024+0000] {logging_mixin.py:190} INFO - [2026-06-09T15:46:55.024+0000] {dagbag.py:588} INFO - Filling up the DagBag from /opt/airflow/dags/dag_analystics_student_performance.py
[2026-06-09T15:46:55.049+0000] {processor.py:925} INFO - DAG(s) 'create_analytics_mart_performance' retrieved from /opt/airflow/dags/dag_analystics_student_performance.py
[2026-06-09T15:46:55.069+0000] {logging_mixin.py:190} INFO - [2026-06-09T15:46:55.069+0000] {dag.py:3239} INFO - Sync 1 DAGs
[2026-06-09T15:46:55.091+0000] {logging_mixin.py:190} INFO - [2026-06-09T15:46:55.090+0000] {dag.py:4180} INFO - Setting next_dagrun for create_analytics_mart_performance to 2026-06-09 03:00:00+00:00, run_after=2026-06-10 03:00:00+00:00
[2026-06-09T15:46:55.109+0000] {processor.py:208} INFO - Processing /opt/airflow/dags/dag_analystics_student_performance.py took 0.094 seconds
[2026-06-09T15:47:25.318+0000] {processor.py:186} INFO - Started process (PID=681) to work on /opt/airflow/dags/dag_analystics_student_performance.py
[2026-06-09T15:47:25.318+0000] {processor.py:914} INFO - Processing file /opt/airflow/dags/dag_analystics_student_performance.py for tasks to queue
[2026-06-09T15:47:25.321+0000] {logging_mixin.py:190} INFO - [2026-06-09T15:47:25.320+0000] {dagbag.py:588} INFO - Filling up the DagBag from /opt/airflow/dags/dag_analystics_student_performance.py
[2026-06-09T15:47:25.349+0000] {processor.py:925} INFO - DAG(s) 'create_analytics_mart_performance' retrieved from /opt/airflow/dags/dag_analystics_student_performance.py
[2026-06-09T15:47:25.371+0000] {logging_mixin.py:190} INFO - [2026-06-09T15:47:25.370+0000] {dag.py:3239} INFO - Sync 1 DAGs
[2026-06-09T15:47:25.390+0000] {logging_mixin.py:190} INFO - [2026-06-09T15:47:25.390+0000] {dag.py:4180} INFO - Setting next_dagrun for create_analytics_mart_performance to 2026-06-09 03:00:00+00:00, run_after=2026-06-10 03:00:00+00:00
[2026-06-09T15:47:25.407+0000] {processor.py:208} INFO - Processing /opt/airflow/dags/dag_analystics_student_performance.py took 0.094 seconds
