[2026-06-09T15:39:39.433+0000] {local_task_job_runner.py:123} INFO - ::group::Pre task execution logs
[2026-06-09T15:39:39.448+0000] {taskinstance.py:2613} INFO - Dependencies all met for dep_context=non-requeueable deps ti=<TaskInstance: create_analytics_mart_performance.create_performance_mart scheduled__2026-06-08T03:00:00+00:00 [queued]>
[2026-06-09T15:39:39.454+0000] {taskinstance.py:2613} INFO - Dependencies all met for dep_context=requeueable deps ti=<TaskInstance: create_analytics_mart_performance.create_performance_mart scheduled__2026-06-08T03:00:00+00:00 [queued]>
[2026-06-09T15:39:39.455+0000] {taskinstance.py:2866} INFO - Starting attempt 1 of 2
[2026-06-09T15:39:39.465+0000] {taskinstance.py:2889} INFO - Executing <Task(PythonOperator): create_performance_mart> on 2026-06-08 03:00:00+00:00
[2026-06-09T15:39:39.471+0000] {standard_task_runner.py:104} INFO - Running: ['***', 'tasks', 'run', 'create_analytics_mart_performance', 'create_performance_mart', 'scheduled__2026-06-08T03:00:00+00:00', '--job-id', '18', '--raw', '--subdir', 'DAGS_FOLDER/dag_analystics_student_performance.py', '--cfg-path', '/tmp/tmp3pw5fex1']
[2026-06-09T15:39:39.473+0000] {logging_mixin.py:190} WARNING - /home/***/.local/lib/python3.12/site-packages/***/task/task_runner/standard_task_runner.py:70 DeprecationWarning: This process (pid=429) is multi-threaded, use of fork() may lead to deadlocks in the child.
[2026-06-09T15:39:39.474+0000] {standard_task_runner.py:105} INFO - Job 18: Subtask create_performance_mart
[2026-06-09T15:39:39.474+0000] {standard_task_runner.py:72} INFO - Started process 430 to run task
[2026-06-09T15:39:39.515+0000] {task_command.py:467} INFO - Running <TaskInstance: create_analytics_mart_performance.create_performance_mart scheduled__2026-06-08T03:00:00+00:00 [running]> on host 1c9c09801317
[2026-06-09T15:39:39.575+0000] {taskinstance.py:3132} INFO - Exporting env vars: AIRFLOW_CTX_DAG_OWNER='Korchagina' AIRFLOW_CTX_DAG_ID='create_analytics_mart_performance' AIRFLOW_CTX_TASK_ID='create_performance_mart' AIRFLOW_CTX_EXECUTION_DATE='2026-06-08T03:00:00+00:00' AIRFLOW_CTX_TRY_NUMBER='1' AIRFLOW_CTX_DAG_RUN_ID='scheduled__2026-06-08T03:00:00+00:00'
[2026-06-09T15:39:39.576+0000] {taskinstance.py:731} INFO - ::endgroup::
[2026-06-09T15:39:39.586+0000] {logging_mixin.py:190} INFO - Подключение к host.docker.internal:5433 ...
[2026-06-09T15:39:39.600+0000] {logging_mixin.py:190} INFO - Схема dmr создана/существует.
[2026-06-09T15:39:39.615+0000] {logging_mixin.py:190} INFO - Таблица dmr.analytics_student_performance создана/существует.
[2026-06-09T15:39:40.422+0000] {logging_mixin.py:190} INFO - Витрина заполнена. Затронуто строк: 17272
[2026-06-09T15:39:40.423+0000] {logging_mixin.py:190} INFO - Витрина dmr.analytics_student_performance успешно создана/обновлена.
[2026-06-09T15:39:40.423+0000] {python.py:240} INFO - Done. Returned value was: None
[2026-06-09T15:39:40.432+0000] {taskinstance.py:340} INFO - ::group::Post task execution logs
[2026-06-09T15:39:40.432+0000] {taskinstance.py:352} INFO - Marking task as SUCCESS. dag_id=create_analytics_mart_performance, task_id=create_performance_mart, run_id=scheduled__2026-06-08T03:00:00+00:00, execution_date=20260608T030000, start_date=20260609T153939, end_date=20260609T153940
[2026-06-09T15:39:40.454+0000] {local_task_job_runner.py:266} INFO - Task exited with return code 0
[2026-06-09T15:39:40.466+0000] {taskinstance.py:3895} INFO - 0 downstream tasks scheduled from follow-on schedule check
[2026-06-09T15:39:40.468+0000] {local_task_job_runner.py:245} INFO - ::endgroup::
