[2026-06-09T15:26:54.173+0000] {local_task_job_runner.py:123} INFO - ::group::Pre task execution logs
[2026-06-09T15:26:54.196+0000] {taskinstance.py:2613} INFO - Dependencies all met for dep_context=non-requeueable deps ti=<TaskInstance: create_analytics_mart.create_student_mart scheduled__2026-06-02T02:00:00+00:00 [queued]>
[2026-06-09T15:26:54.206+0000] {taskinstance.py:2613} INFO - Dependencies all met for dep_context=requeueable deps ti=<TaskInstance: create_analytics_mart.create_student_mart scheduled__2026-06-02T02:00:00+00:00 [queued]>
[2026-06-09T15:26:54.207+0000] {taskinstance.py:2866} INFO - Starting attempt 1 of 2
[2026-06-09T15:26:54.226+0000] {taskinstance.py:2889} INFO - Executing <Task(PythonOperator): create_student_mart> on 2026-06-02 02:00:00+00:00
[2026-06-09T15:26:54.234+0000] {standard_task_runner.py:104} INFO - Running: ['***', 'tasks', 'run', 'create_analytics_mart', 'create_student_mart', 'scheduled__2026-06-02T02:00:00+00:00', '--job-id', '13', '--raw', '--subdir', 'DAGS_FOLDER/create_mart_dag.py', '--cfg-path', '/tmp/tmpbcdaiqsz']
[2026-06-09T15:26:54.237+0000] {standard_task_runner.py:105} INFO - Job 13: Subtask create_student_mart
[2026-06-09T15:26:54.238+0000] {logging_mixin.py:190} WARNING - /home/***/.local/lib/python3.12/site-packages/***/task/task_runner/standard_task_runner.py:70 DeprecationWarning: This process (pid=172) is multi-threaded, use of fork() may lead to deadlocks in the child.
[2026-06-09T15:26:54.239+0000] {standard_task_runner.py:72} INFO - Started process 180 to run task
[2026-06-09T15:26:54.302+0000] {task_command.py:467} INFO - Running <TaskInstance: create_analytics_mart.create_student_mart scheduled__2026-06-02T02:00:00+00:00 [running]> on host 1c9c09801317
[2026-06-09T15:26:54.402+0000] {taskinstance.py:3132} INFO - Exporting env vars: AIRFLOW_CTX_DAG_OWNER='Korchagina' AIRFLOW_CTX_DAG_ID='create_analytics_mart' AIRFLOW_CTX_TASK_ID='create_student_mart' AIRFLOW_CTX_EXECUTION_DATE='2026-06-02T02:00:00+00:00' AIRFLOW_CTX_TRY_NUMBER='1' AIRFLOW_CTX_DAG_RUN_ID='scheduled__2026-06-02T02:00:00+00:00'
[2026-06-09T15:26:54.404+0000] {taskinstance.py:731} INFO - ::endgroup::
[2026-06-09T15:26:54.445+0000] {logging_mixin.py:190} INFO - Подключение к host.docker.internal:5433 ...
[2026-06-09T15:26:54.465+0000] {logging_mixin.py:190} INFO - Схема dmr создана/существует.
[2026-06-09T15:26:54.492+0000] {logging_mixin.py:190} INFO - Таблица dmr.analytics_student создана/существует.
[2026-06-09T15:26:54.995+0000] {logging_mixin.py:190} INFO - Витрина обновлена. Добавлено/обновлено записей: 17272
[2026-06-09T15:26:54.996+0000] {logging_mixin.py:190} INFO - Витрина dmr.analytics_student успешно создана/обновлена.
[2026-06-09T15:26:54.999+0000] {python.py:240} INFO - Done. Returned value was: None
[2026-06-09T15:26:55.007+0000] {taskinstance.py:340} INFO - ::group::Post task execution logs
[2026-06-09T15:26:55.007+0000] {taskinstance.py:352} INFO - Marking task as SUCCESS. dag_id=create_analytics_mart, task_id=create_student_mart, run_id=scheduled__2026-06-02T02:00:00+00:00, execution_date=20260602T020000, start_date=20260609T152654, end_date=20260609T152655
[2026-06-09T15:26:55.179+0000] {local_task_job_runner.py:266} INFO - Task exited with return code 0
[2026-06-09T15:26:55.192+0000] {taskinstance.py:3895} INFO - 0 downstream tasks scheduled from follow-on schedule check
[2026-06-09T15:26:55.195+0000] {local_task_job_runner.py:245} INFO - ::endgroup::
